Graph has 1024 nodes and 16103 undirected edges for degree: 15
